~/test-1-SHRAVAN-RAO-18$ gcc -g p4original.c
~/test-1-SHRAVAN-RAO-18$ gdb a.out
GNU gdb (Ubuntu 8.1.1-0ubuntu1) 8.1.1
Copyright (C) 2018 Free Software Foundation, Inc.
License GPLv3+: GNU GPL version 3 or later <http://gnu.org/licenses/gpl.html>
This is free software: you are free to change and redistribute it.
There is NO WARRANTY, to the extent permitted by law.  Type "show copying"
and "show warranty" for details.
This GDB was configured as "x86_64-linux-gnu".
Type "show configuration" for configuration details.
For bug reporting instructions, please see:
<http://www.gnu.org/software/gdb/bugs/>.
Find the GDB manual and other documentation resources online at:
<http://www.gnu.org/software/gdb/documentation/>.
For help, type "help".
Type "apropos word" to search for commands related to "word"...
Reading symbols from a.out...done.
(gdb) break main
Breakpoint 1 at 0x722: file p4original.c, line 7.
(gdb) r
Starting program: /home/runner/test-1-SHRAVAN-RAO-18/a.out 
warning: Error disabling address space randomization: Operation not permitted

Breakpoint 1, main () at p4original.c:7
7     a=input();
(gdb) s
input () at p4original.c:15
15  {
(gdb) n
17    printf("enter a number");
(gdb) n
18    scanf("%d",&x);
(gdb) n
enter a number n
19    return x;
(gdb) n
20  }
(gdb) n
main () at p4original.c:8
8     b=input();
(gdb) n
9     c=input();
(gdb) n
10    larger=compare(a,b,c);
(gdb) s
compare (a=32763, b=32763, c=32763) at p4original.c:23
23    if(a>b && a>c)
(gdb) n
27    else if(b>a && b>c)
(gdb) n
31    else if(c>a && c>b)
(gdb) n
36    printf("the numbers are same");
(gdb) n
37  }(gdb) n
main () at p4original.c:11
11    printf("%d is largest of all number",larger);
(gdb) n
12    return 0;
(gdb) c
Continuing.
enter a numberenter a numberthe numbers are same20 is largest of all number[Inferior 1 (process 148) exited normally]
(gdb) q
~/test-1-SHRAVAN-RAO-18$ 